#
# There is insufficient memory for the Java Runtime Environment to continue.
# Native memory allocation (malloc) failed to allocate 1048576 bytes. Error detail: AllocateHeap
# Possible reasons:
#   The system is out of physical RAM or swap space
#   This process is running with CompressedOops enabled, and the Java Heap may be blocking the growth of the native heap
# Possible solutions:
#   Reduce memory load on the system
#   Increase physical memory or swap space
#   Check if swap backing store is full
#   Decrease Java heap size (-Xmx/-Xms)
#   Decrease number of Java threads
#   Decrease Java thread stack sizes (-Xss)
#   Set larger code cache with -XX:ReservedCodeCacheSize=
#   JVM is running with Unscaled Compressed Oops mode in which the Java heap is
#     placed in the first 4GB address space. The Java Heap base address is the
#     maximum limit for the native heap growth. Please use -XX:HeapBaseMinAddress
#     to set the Java Heap base and to place the Java Heap above 4GB virtual address.
# This output file may be truncated or incomplete.
#
#  Out of Memory Error (allocation.cpp:44), pid=7320, tid=11900
#
# JRE version:  (21.0.9+10) (build )
# Java VM: OpenJDK 64-Bit Server VM (21.0.9+10-LTS, mixed mode, tiered, compressed oops, compressed class ptrs, parallel gc, windows-amd64)
# No core dump will be written. Minidumps are not enabled by default on client versions of Windows
#

---------------  S U M M A R Y ------------

Command Line: --add-modules=ALL-SYSTEM --add-opens=java.base/java.util=ALL-UNNAMED --add-opens=java.base/java.lang=ALL-UNNAMED --add-opens=java.base/sun.nio.fs=ALL-UNNAMED -Declipse.application=org.eclipse.jdt.ls.core.id1 -Dosgi.bundles.defaultStartLevel=4 -Declipse.product=org.eclipse.jdt.ls.core.product -Djava.import.generatesMetadataFilesAtProjectRoot=false -DDetectVMInstallationsJob.disabled=true -Dfile.encoding=utf8 -XX:+UseParallelGC -XX:GCTimeRatio=4 -XX:AdaptiveSizePolicyWeight=90 -Dsun.zip.disableMemoryMapping=true -Xmx2G -Xms100m -Xlog:disable -javaagent:c:\Users\hp\.vscode\extensions\redhat.java-1.50.0-win32-x64\lombok\lombok-1.18.39-4050.jar -XX:+HeapDumpOnOutOfMemoryError -XX:HeapDumpPath=c:\Users\hp\AppData\Roaming\Code\User\workspaceStorage\ddcd197919e7046f37c9a35329992d35\redhat.java -Daether.dependencyCollector.impl=bf c:\Users\hp\.vscode\extensions\redhat.java-1.50.0-win32-x64\server\plugins\org.eclipse.equinox.launcher_1.7.100.v20251111-0406.jar -configuration c:\Users\hp\AppData\Roaming\Code\User\globalStorage\redhat.java\1.50.0\config_win -data c:\Users\hp\AppData\Roaming\Code\User\workspaceStorage\ddcd197919e7046f37c9a35329992d35\redhat.java\jdt_ws --pipe=\\.\pipe\lsp-f296e53390b35398920367c794804f91-sock

Host: Intel(R) Core(TM) i5-4210M CPU @ 2.60GHz, 4 cores, 7G,  Windows 10 , 64 bit Build 19041 (10.0.19041.5915)
Time: Tue Jan  6 01:40:10 2026 elapsed time: 0.286415 seconds (0d 0h 0m 0s)

---------------  T H R E A D  ---------------

Current thread (0x000001d672ccf3b0):  JavaThread "Unknown thread" [_thread_in_vm, id=11900, stack(0x00000032b2d00000,0x00000032b2e00000) (1024K)]

Stack: [0x00000032b2d00000,0x00000032b2e00000]
Native frames: (J=compiled Java code, j=interpreted, Vv=VM code, C=native code)
V  [jvm.dll+0x6d6e29]
V  [jvm.dll+0x8b4b76]
V  [jvm.dll+0x8b712e]
V  [jvm.dll+0x8b7813]
V  [jvm.dll+0x283d86]
V  [jvm.dll+0xc1277]
V  [jvm.dll+0x70adf2]
V  [jvm.dll+0x70bb2c]
V  [jvm.dll+0x6e59c3]
V  [jvm.dll+0x87e58c]
V  [jvm.dll+0x3c42fc]
V  [jvm.dll+0x86727b]
V  [jvm.dll+0x457391]
V  [jvm.dll+0x458f81]
C  [jli.dll+0x52d0]
C  [ucrtbase.dll+0x21bb2]
C  [KERNEL32.DLL+0x17374]
C  [ntdll.dll+0x4cc91]


---------------  P R O C E S S  ---------------

Threads class SMR info:
_java_thread_list=0x000001d60f0dc560, length=1, elements={
0x000001d672ccf3b0
}

Java Threads: ( => current thread )
=>0x000001d672ccf3b0 JavaThread "Unknown thread"             [_thread_in_vm, id=11900, stack(0x00000032b2d00000,0x00000032b2e00000) (1024K)]
Total: 1

Other Threads:
  0x000001d672d39730 WatcherThread "VM Periodic Task Thread"        [id=12440, stack(0x00000032b2f00000,0x00000032b3000000) (1024K)]
  0x000001d672cee290 WorkerThread "GC Thread#0"                     [id=1208, stack(0x00000032b2e00000,0x00000032b2f00000) (1024K)]
Total: 2

Threads with active compile tasks:
Total: 0

VM state: not at safepoint (normal execution)

VM Mutex/Monitor currently owned by a thread: None

Heap address: 0x0000000080000000, size: 2048 MB, Compressed Oops mode: 32-bit

CDS archive(s) not mapped
Compressed class space mapped at: 0x0000000100000000-0x0000000140000000, reserved size: 1073741824
Narrow klass base: 0x0000000000000000, Narrow klass shift: 3, Narrow klass range: 0x140000000

GC Precious Log:
 CardTable entry size: 512
 CPUs: 4 total, 4 available
 Memory: 8105M
 Large Page Support: Disabled
 NUMA Support: Disabled
 Compressed Oops: Enabled (32-bit)
 Alignments: Space 512K, Generation 512K, Heap 2M
 Heap Min Capacity: 100M
 Heap Initial Capacity: 100M
 Heap Max Capacity: 2G
 Pre-touch: Disabled
 Parallel Workers: 4

Heap:
 PSYoungGen      total 29696K, used 512K [0x00000000d5580000, 0x00000000d7680000, 0x0000000100000000)
  eden space 25600K, 2% used [0x00000000d5580000,0x00000000d5600070,0x00000000d6e80000)
  from space 4096K, 0% used [0x00000000d7280000,0x00000000d7280000,0x00000000d7680000)
  to   space 4096K, 0% used [0x00000000d6e80000,0x00000000d6e80000,0x00000000d7280000)
 ParOldGen       total 68608K, used 0K [0x0000000080000000, 0x0000000084300000, 0x00000000d5580000)
  object space 68608K, 0% used [0x0000000080000000,0x0000000080000000,0x0000000084300000)
 Metaspace       used 1394K, committed 1472K, reserved 1114112K
  class space    used 111K, committed 128K, reserved 1048576K

Card table byte_map: [0x000001d672680000,0x000001d672a90000] _byte_map_base: 0x000001d672280000

Marking Bits: (ParMarkBitMap*) 0x00007ffbe7292460
 Begin Bits: [0x000001d676190000, 0x000001d678190000)
 End Bits:   [0x000001d678190000, 0x000001d67a190000)

Polling page: 0x000001d670d50000

Metaspace:

Usage:
  Non-class:      1.25 MB used.
      Class:    111.93 KB used.
       Both:      1.36 MB used.

Virtual space:
  Non-class space:       64.00 MB reserved,       1.31 MB (  2%) committed,  1 nodes.
      Class space:        1.00 GB reserved,     128.00 KB ( <1%) committed,  1 nodes.
             Both:        1.06 GB reserved,       1.44 MB ( <1%) committed. 

Chunk freelists:
   Non-Class:  12.00 MB
       Class:  15.75 MB
        Both:  27.75 MB

MaxMetaspaceSize: unlimited
CompressedClassSpaceSize: 1.00 GB
Initial GC threshold: 21.00 MB
Current GC threshold: 17179869184.00 GB
CDS: off
 - commit_granule_bytes: 65536.
 - commit_granule_words: 8192.
 - virtual_space_node_default_size: 8388608.
 - enlarge_chunks_in_place: 1.
 - use_allocation_guard: 0.


Internal statistics:

num_allocs_failed_limit: 0.
num_arena_births: 2.
num_arena_deaths: 0.
num_vsnodes_births: 2.
num_vsnodes_deaths: 0.
num_space_committed: 23.
num_space_uncommitted: 0.
num_chunks_returned_to_freelist: 0.
num_chunks_taken_from_freelist: 3.
num_chunk_merges: 0.
num_chunk_splits: 2.
num_chunks_enlarged: 0.
num_inconsistent_stats: 0.

CodeHeap 'non-profiled nmethods': size=120000Kb used=0Kb max_used=0Kb free=120000Kb
 bounds [0x000001d607ad0000, 0x000001d607d40000, 0x000001d60f000000]
CodeHeap 'profiled nmethods': size=120000Kb used=0Kb max_used=0Kb free=120000Kb
 bounds [0x000001d600000000, 0x000001d600270000, 0x000001d607530000]
CodeHeap 'non-nmethods': size=5760Kb used=194Kb max_used=342Kb free=5565Kb
 bounds [0x000001d607530000, 0x000001d6077a0000, 0x000001d607ad0000]
CodeCache: size=245760Kb, used=194Kb, max_used=342Kb, free=245565Kb
 total_blobs=70, nmethods=0, adapters=48, full_count=0
Compilation: enabled, stopped_count=0, restarted_count=0

Compilation events (0 events):
No events

GC Heap History (0 events):
No events

Dll operation events (2 events):
Event: 0.018 Loaded shared library c:\Users\hp\.vscode\extensions\redhat.java-1.50.0-win32-x64\jre\21.0.9-win32-x86_64\bin\java.dll
Event: 0.121 Loaded shared library c:\Users\hp\.vscode\extensions\redhat.java-1.50.0-win32-x64\jre\21.0.9-win32-x86_64\bin\zip.dll

Deoptimization events (0 events):
No events

Classes loaded (20 events):
Event: 0.202 Loading class java/util/Iterator
Event: 0.202 Loading class java/util/Iterator done
Event: 0.202 Loading class java/lang/reflect/RecordComponent
Event: 0.203 Loading class java/lang/reflect/RecordComponent done
Event: 0.203 Loading class jdk/internal/vm/vector/VectorSupport
Event: 0.204 Loading class jdk/internal/vm/vector/VectorSupport done
Event: 0.204 Loading class jdk/internal/vm/vector/VectorSupport$VectorPayload
Event: 0.204 Loading class jdk/internal/vm/vector/VectorSupport$VectorPayload done
Event: 0.204 Loading class jdk/internal/vm/vector/VectorSupport$Vector
Event: 0.204 Loading class jdk/internal/vm/vector/VectorSupport$Vector done
Event: 0.204 Loading class jdk/internal/vm/vector/VectorSupport$VectorMask
Event: 0.204 Loading class jdk/internal/vm/vector/VectorSupport$VectorMask done
Event: 0.204 Loading class jdk/internal/vm/vector/VectorSupport$VectorShuffle
Event: 0.204 Loading class jdk/internal/vm/vector/VectorSupport$VectorShuffle done
Event: 0.204 Loading class jdk/internal/vm/FillerObject
Event: 0.204 Loading class jdk/internal/vm/FillerObject done
Event: 0.210 Loading class java/lang/NullPointerException
Event: 0.210 Loading class java/lang/NullPointerException done
Event: 0.210 Loading class java/lang/ArithmeticException
Event: 0.210 Loading class java/lang/ArithmeticException done

Classes unloaded (0 events):
No events

Classes redefined (0 events):
No events

Internal exceptions (0 events):
No events

ZGC Phase Switch (0 events):
No events

VM Operations (0 events):
No events

Memory protections (0 events):
No events

Nmethod flushes (0 events):
No events

Events (1 events):
Event: 0.119 Thread 0x000001d672ccf3b0 Thread added: 0x000001d672ccf3b0


Dynamic libraries:
0x00007ff6917c0000 - 0x00007ff6917ce000 	c:\Users\hp\.vscode\extensions\redhat.java-1.50.0-win32-x64\jre\21.0.9-win32-x86_64\bin\java.exe
0x00007ffc6e5f0000 - 0x00007ffc6e7e8000 	C:\Windows\SYSTEM32\ntdll.dll
0x00007ffc6d9e0000 - 0x00007ffc6daa2000 	C:\Windows\System32\KERNEL32.DLL
0x00007ffc6c110000 - 0x00007ffc6c406000 	C:\Windows\System32\KERNELBASE.dll
0x00007ffc6bc80000 - 0x00007ffc6bd80000 	C:\Windows\System32\ucrtbase.dll
0x00007ffc5f160000 - 0x00007ffc5f178000 	c:\Users\hp\.vscode\extensions\redhat.java-1.50.0-win32-x64\jre\21.0.9-win32-x86_64\bin\jli.dll
0x00007ffc6db30000 - 0x00007ffc6dcd1000 	C:\Windows\System32\USER32.dll
0x00007ffc6bea0000 - 0x00007ffc6bec2000 	C:\Windows\System32\win32u.dll
0x00007ffc6e460000 - 0x00007ffc6e48b000 	C:\Windows\System32\GDI32.dll
0x00007ffc6c4f0000 - 0x00007ffc6c609000 	C:\Windows\System32\gdi32full.dll
0x00007ffc6be00000 - 0x00007ffc6be9d000 	C:\Windows\System32\msvcp_win.dll
0x00007ffc516b0000 - 0x00007ffc516ce000 	c:\Users\hp\.vscode\extensions\redhat.java-1.50.0-win32-x64\jre\21.0.9-win32-x86_64\bin\VCRUNTIME140.dll
0x00007ffc6b020000 - 0x00007ffc6b2bb000 	C:\Windows\WinSxS\amd64_microsoft.windows.common-controls_6595b64144ccf1df_6.0.19041.6456_none_60b8a6cb71f64256\COMCTL32.dll
0x00007ffc6d400000 - 0x00007ffc6d49e000 	C:\Windows\System32\msvcrt.dll
0x00007ffc6c610000 - 0x00007ffc6c63f000 	C:\Windows\System32\IMM32.DLL
0x00007ffc63e00000 - 0x00007ffc63e0c000 	c:\Users\hp\.vscode\extensions\redhat.java-1.50.0-win32-x64\jre\21.0.9-win32-x86_64\bin\vcruntime140_1.dll
0x00007ffc3e900000 - 0x00007ffc3e98d000 	c:\Users\hp\.vscode\extensions\redhat.java-1.50.0-win32-x64\jre\21.0.9-win32-x86_64\bin\msvcp140.dll
0x00007ffbe65d0000 - 0x00007ffbe7370000 	c:\Users\hp\.vscode\extensions\redhat.java-1.50.0-win32-x64\jre\21.0.9-win32-x86_64\bin\server\jvm.dll
0x00007ffc6c8a0000 - 0x00007ffc6c951000 	C:\Windows\System32\ADVAPI32.dll
0x00007ffc6d0c0000 - 0x00007ffc6d15f000 	C:\Windows\System32\sechost.dll
0x00007ffc6d2e0000 - 0x00007ffc6d400000 	C:\Windows\System32\RPCRT4.dll
0x00007ffc6c030000 - 0x00007ffc6c057000 	C:\Windows\System32\bcrypt.dll
0x00007ffc6d910000 - 0x00007ffc6d97b000 	C:\Windows\System32\WS2_32.dll
0x00007ffc6b6c0000 - 0x00007ffc6b70b000 	C:\Windows\SYSTEM32\POWRPROF.dll
0x00007ffc59dc0000 - 0x00007ffc59de7000 	C:\Windows\SYSTEM32\WINMM.dll
0x00007ffc59e20000 - 0x00007ffc59e2a000 	C:\Windows\SYSTEM32\VERSION.dll
0x00007ffc6b2c0000 - 0x00007ffc6b2d2000 	C:\Windows\SYSTEM32\UMPDC.dll
0x00007ffc69450000 - 0x00007ffc69462000 	C:\Windows\SYSTEM32\kernel.appcore.dll
0x00007ffc63c80000 - 0x00007ffc63c8a000 	c:\Users\hp\.vscode\extensions\redhat.java-1.50.0-win32-x64\jre\21.0.9-win32-x86_64\bin\jimage.dll
0x00007ffc6b4b0000 - 0x00007ffc6b6b1000 	C:\Windows\SYSTEM32\DBGHELP.DLL
0x00007ffc6b3f0000 - 0x00007ffc6b424000 	C:\Windows\SYSTEM32\dbgcore.DLL
0x00007ffc6c460000 - 0x00007ffc6c4e2000 	C:\Windows\System32\bcryptPrimitives.dll
0x00007ffc651c0000 - 0x00007ffc651cf000 	c:\Users\hp\.vscode\extensions\redhat.java-1.50.0-win32-x64\jre\21.0.9-win32-x86_64\bin\instrument.dll
0x00007ffc51580000 - 0x00007ffc515a0000 	c:\Users\hp\.vscode\extensions\redhat.java-1.50.0-win32-x64\jre\21.0.9-win32-x86_64\bin\java.dll
0x00007ffc502f0000 - 0x00007ffc50308000 	c:\Users\hp\.vscode\extensions\redhat.java-1.50.0-win32-x64\jre\21.0.9-win32-x86_64\bin\zip.dll

JVMTI agents:
c:\Users\hp\.vscode\extensions\redhat.java-1.50.0-win32-x64\lombok\lombok-1.18.39-4050.jar path:none, loaded, not initialized, instrumentlib options:none

dbghelp: loaded successfully - version: 4.0.5 - missing functions: none
symbol engine: initialized successfully - sym options: 0x614 - pdb path: .;c:\Users\hp\.vscode\extensions\redhat.java-1.50.0-win32-x64\jre\21.0.9-win32-x86_64\bin;C:\Windows\SYSTEM32;C:\Windows\WinSxS\amd64_microsoft.windows.common-controls_6595b64144ccf1df_6.0.19041.6456_none_60b8a6cb71f64256;c:\Users\hp\.vscode\extensions\redhat.java-1.50.0-win32-x64\jre\21.0.9-win32-x86_64\bin\server

VM Arguments:
jvm_args: --add-modules=ALL-SYSTEM --add-opens=java.base/java.util=ALL-UNNAMED --add-opens=java.base/java.lang=ALL-UNNAMED --add-opens=java.base/sun.nio.fs=ALL-UNNAMED -Declipse.application=org.eclipse.jdt.ls.core.id1 -Dosgi.bundles.defaultStartLevel=4 -Declipse.product=org.eclipse.jdt.ls.core.product -Djava.import.generatesMetadataFilesAtProjectRoot=false -DDetectVMInstallationsJob.disabled=true -Dfile.encoding=utf8 -XX:+UseParallelGC -XX:GCTimeRatio=4 -XX:AdaptiveSizePolicyWeight=90 -Dsun.zip.disableMemoryMapping=true -Xmx2G -Xms100m -Xlog:disable -javaagent:c:\Users\hp\.vscode\extensions\redhat.java-1.50.0-win32-x64\lombok\lombok-1.18.39-4050.jar -XX:+HeapDumpOnOutOfMemoryError -XX:HeapDumpPath=c:\Users\hp\AppData\Roaming\Code\User\workspaceStorage\ddcd197919e7046f37c9a35329992d35\redhat.java -Daether.dependencyCollector.impl=bf 
java_command: c:\Users\hp\.vscode\extensions\redhat.java-1.50.0-win32-x64\server\plugins\org.eclipse.equinox.launcher_1.7.100.v20251111-0406.jar -configuration c:\Users\hp\AppData\Roaming\Code\User\globalStorage\redhat.java\1.50.0\config_win -data c:\Users\hp\AppData\Roaming\Code\User\workspaceStorage\ddcd197919e7046f37c9a35329992d35\redhat.java\jdt_ws --pipe=\\.\pipe\lsp-f296e53390b35398920367c794804f91-sock
java_class_path (initial): c:\Users\hp\.vscode\extensions\redhat.java-1.50.0-win32-x64\server\plugins\org.eclipse.equinox.launcher_1.7.100.v20251111-0406.jar
Launcher Type: SUN_STANDARD

[Global flags]
    uintx AdaptiveSizePolicyWeight                 = 90                                        {product} {command line}
     intx CICompilerCount                          = 3                                         {product} {ergonomic}
    uintx GCTimeRatio                              = 4                                         {product} {command line}
     bool HeapDumpOnOutOfMemoryError               = true                                   {manageable} {command line}
    ccstr HeapDumpPath                             = c:\Users\hp\AppData\Roaming\Code\User\workspaceStorage\ddcd197919e7046f37c9a35329992d35\redhat.java         {manageable} {command line}
   size_t InitialHeapSize                          = 104857600                                 {product} {command line}
   size_t MaxHeapSize                              = 2147483648                                {product} {command line}
   size_t MaxNewSize                               = 715653120                                 {product} {ergonomic}
   size_t MinHeapDeltaBytes                        = 524288                                    {product} {ergonomic}
   size_t MinHeapSize                              = 104857600                                 {product} {command line}
   size_t NewSize                                  = 34603008                                  {product} {ergonomic}
    uintx NonNMethodCodeHeapSize                   = 5832780                                {pd product} {ergonomic}
    uintx NonProfiledCodeHeapSize                  = 122912730                              {pd product} {ergonomic}
   size_t OldSize                                  = 70254592                                  {product} {ergonomic}
    uintx ProfiledCodeHeapSize                     = 122912730                              {pd product} {ergonomic}
    uintx ReservedCodeCacheSize                    = 251658240                              {pd product} {ergonomic}
     bool SegmentedCodeCache                       = true                                      {product} {ergonomic}
   size_t SoftMaxHeapSize                          = 2147483648                             {manageable} {ergonomic}
     bool UseCompressedOops                        = true                           {product lp64_product} {ergonomic}
     bool UseLargePagesIndividualAllocation        = false                                  {pd product} {ergonomic}
     bool UseParallelGC                            = true                                      {product} {command line}

Logging:
Log output configuration:
 #0: stdout all=off uptime,level,tags foldmultilines=false
 #1: stderr all=off uptime,level,tags foldmultilines=false

Release file:
<release file has not been read>
Environment Variables:
JAVA_HOME=C:\Program Files\Java\jdk-23.0.1
PATH=C:\Program Files (x86)\Common Files\Oracle\Java\javapath;C:\Windows\system32;C:\Windows;C:\Windows\System32\Wbem;C:\Windows\System32\WindowsPowerShell\v1.0\;C:\Windows\System32\OpenSSH\;C:\Program Files (x86)\Microsoft SQL Server\160\DTS\Binn\;C:\Program Files\Azure Data Studio\bin;C:\Program Files (x86)\HP\HP OCR\DB_Lib\;C:\Maven\bin;C:\Program Files\Java\jdk-23.0.1\bin;C:\Program Files\dotnet\;C:\Program Files\Git\cmd;C:\Users\hp\.config\herd\bin\nvm;C:\Program Files\nodejs;C:\xampp\php;C:\Users\hp\.config\herd\bin;C:\Users\hp\AppData\Local\Microsoft\WindowsApps;C:\Users\hp\AppData\Local\Programs\Microsoft VS Code\bin;C:\Users\hp\Documents\flutter;C:\Users\hp\Documents\flutter\bin;C:\Users\hp\AppData\Local\GitHubDesktop\bin
USERNAME=hp
OS=Windows_NT
PROCESSOR_IDENTIFIER=Intel64 Family 6 Model 60 Stepping 3, GenuineIntel
TMP=C:\Users\hp\AppData\Local\Temp
TEMP=C:\Users\hp\AppData\Local\Temp




Periodic native trim disabled

---------------  S Y S T E M  ---------------

OS:
 Windows 10 , 64 bit Build 19041 (10.0.19041.5915)
OS uptime: 0 days 1:13 hours

CPU: total 4 (initial active 4) (2 cores per cpu, 2 threads per core) family 6 model 60 stepping 3 microcode 0x27, cx8, cmov, fxsr, ht, mmx, sse, sse2, sse3, ssse3, sse4.1, sse4.2, popcnt, lzcnt, tsc, tscinvbit, avx, avx2, aes, erms, clmul, bmi1, bmi2, fma, vzeroupper, clflush, rdtscp, f16c
Processor Information for the first 4 processors :
  Max Mhz: 2601, Current Mhz: 2601, Mhz Limit: 2601

Memory: 4k page, system-wide physical 8105M (997M free)
TotalPageFile size 10609M (AvailPageFile size 2M)
current process WorkingSet (physical memory assigned to process): 16M, peak: 16M
current process commit charge ("private bytes"): 183M, peak: 191M

vm_info: OpenJDK 64-Bit Server VM (21.0.9+10-LTS) for windows-amd64 JRE (21.0.9+10-LTS), built on 2025-10-21T00:00:00Z by "admin" with unknown MS VC++:1942

END.
